[27.10.2025 22:34:24] Application started.
[27.10.2025 22:34:24] Synchronization interval is 10 seconds
[27.10.2025 22:34:24] Starting synchronization.
[27.10.2025 22:34:24] Copied: TestFolders/Source\1.txt -> TestFolders/Replica\1.txt
[27.10.2025 22:34:24] Copied: TestFolders/Source\2.txt -> TestFolders/Replica\2.txt
[27.10.2025 22:34:24] Copied: TestFolders/Source\Picture.bmp -> TestFolders/Replica\Picture.bmp
[27.10.2025 22:34:24] Synchronization completed
[27.10.2025 22:34:34] Starting synchronization.
[27.10.2025 22:34:34] Synchronization completed
[27.10.2025 22:34:36] Application stopped.
